-- Test Setup: EqualInMeasurements
-- SQL: SELECT * from "measurement=one";
-- Results After Sorting
+-------+--------+--------------------------------+
| field | tag    | time                           |
+-------+--------+--------------------------------+
| 1.0   | value  | 2021-01-01T00:00:01.000000001Z |
| 1.0   | value2 | 2021-01-01T00:00:01.000000002Z |
+-------+--------+--------------------------------+
-- SQL: SELECT tag from "measurement=one";
-- Results After Sorting
+--------+
| tag    |
+--------+
| value  |
| value2 |
+--------+